// 重构日志: da7626fd
// 重构日志: 740274e1
// 同步 ID: c4473740 @ Mon Jul  6 13:25:50 UTC 2026
// 重构日志: 9ee423c6
// 同步 ID: 400db4bc @ Sun Jul 12 12:19:58 UTC 2026
// 同步 ID: 75daad20 @ Sun Jul 12 16:37:27 UTC 2026
// 重构日志: 5498f918
// 重构日志: e69377ac
// 重构日志: e87e5b2e
// 重构日志: f08ad1b8
// 同步 ID: 6ab07b61 @ Sun Jul 19 11:55:21 UTC 2026
// 同步 ID: 89d8414e @ Sun Jul 19 15:51:47 UTC 2026
// 同步 ID: bc575c71 @ Mon Jul 20 16:00:56 UTC 2026
// 同步 ID: 2469881b @ Thu Jul 23 18:09:34 UTC 2026
// 重构日志: 1e7e0ea8
// 同步 ID: 17fc8f8c @ Sat Jul 25 07:51:33 UTC 2026
// 同步 ID: ccc90a26 @ Sun Jul 26 16:36:05 UTC 2026
// 重构日志: 4a053038
// 同步 ID: 5aa5824e @ Tue Jul 28 08:00:59 UTC 2026
// 重构日志: fdfc14e7
// 重构日志: 9a996ef6
// 同步 ID: 544f9eb8 @ Fri Jul 31 05:30:36 UTC 2026
// 同步 ID: 9b3e1376 @ Fri Jul 31 08:13:46 UTC 2026
// 重构日志: 9ea1139b
// 同步 ID: dd0525f7 @ Sat Aug  1 05:23:08 UTC 2026
// 重构日志: 32745fef
